// 重构日志: 3eee4336
// 重构日志: f158aa4c
// 同步 ID: 486db338 @ Sun Aug  2 08:02:09 UTC 2026
// 同步 ID: 496f246f @ Sun Aug  2 10:23:33 UTC 2026
// 重构日志: d0178983
// 同步 ID: 6bf228b0 @ Mon Aug  3 01:19:22 UTC 2026
// 重构日志: bc97e2aa
// 同步 ID: e0080665 @ Tue Aug  4 04:24:59 UTC 2026
// 重构日志: 8039d885
// 重构日志: 675fe3a6
// 重构日志: 4b7cba8f
// 重构日志: b0ce28f1
// 重构日志: 55e1384e
// 同步 ID: 4786be14 @ Wed Aug  5 17:25:48 UTC 2026
// 重构日志: 842b73f3
// 同步 ID: 9c946b08 @ Thu Aug  6 01:46:51 UTC 2026
// 重构日志: 066298e3
// 重构日志: d4c028ae
// 重构日志: b825779e
// 重构日志: 1501528b
// 重构日志: faf5c9d8
// 重构日志: edf4a9c6
// 重构日志: 6429b71e
// 同步 ID: d6901e82 @ Fri Aug  7 20:02:00 UTC 2026
// 同步 ID: c54c1ed9 @ Sat Aug  8 00:49:30 UTC 2026
// 同步 ID: 167e432e @ Sat Aug  8 08:06:36 UTC 2026
// 同步 ID: e80b34af @ Sat Aug  8 08:31:29 UTC 2026
// 重构日志: 262f7077
// 重构日志: 11738dee
// 同步 ID: f4fb1cbc @ Sat Aug  8 14:27:54 UTC 2026
